// Jest Snapshot v1, https://goo.gl/fbAQLP

exports[`must match with the previous snapshot snapshot renders 1`] = `
<div
  className="sc-bdnylx dTrXQw"
>
  <span
    className="sc-gtssRu kUMpil"
  >
    Drawer component!
  </span>
</div>
`;
