// Jest Snapshot v1, https://goo.gl/fbAQLP

exports[`must match with the previous snapshot snapshot renders 1`] = `
<div
  className="sc-hKFyIo bnVQwq"
>
  <div
    className="sc-bdnylx gxDRmI sc-gtssRu fcLWwB"
    onMouseOver={[Function]}
  >
    <span
      className="sc-dlnjPT hFJDnJ"
      cursor="pointer"
    >
      Hamburguer
    </span>
    <div
      className="sc-bdnylx gxDRmI tooltip"
    >
      I'm hungry
    </div>
  </div>
</div>
`;
