// Jest Snapshot v1, https://goo.gl/fbAQLP

exports[`must match with the previous snapshot snapshot renders 1`] = `
<div
  className="sc-AxjAm giuoCA sc-fzpans fJzagG"
>
  <ul
    aria-labelledby="downshift-1-label"
    id="downshift-1-menu"
    onMouseLeave={[Function]}
    role="listbox"
  />
  <div
    className="sc-AxjAm giuoCA"
  >
    <div
      className="sc-AxirZ cdhGFS"
    >
      <input
        className="sc-Axmtr lRNal"
        onBlur={[Function]}
        onChange={[Function]}
        onClick={[Function]}
        onKeyDown={[Function]}
        readOnly={false}
        type="text"
        value=""
      />
    </div>
    <button
      aria-label="toggle menu"
      className="sc-AxhUy izzhmx sc-fznyAO iCMCtW"
      onClick={[Function]}
    >
      <span
        className="sc-AxhCb iVPPkG"
        cursor="pointer"
        fontSize="medium"
      >
        <svg
          fill="currentColor"
          height="1em"
          stroke="currentColor"
          strokeWidth="0"
          style={
            Object {
              "color": undefined,
            }
          }
          viewBox="0 0 512 512"
          width="1em"
          xmlns="http://www.w3.org/2000/svg"
        >
          <path
            d="M256 294.1L383 167c9.4-9.4 24.6-9.4 33.9 0s9.3 24.6 0 34L273 345c-9.1 9.1-23.7 9.3-33.1.7L95 201.1c-4.7-4.7-7-10.9-7-17s2.3-12.3 7-17c9.4-9.4 24.6-9.4 33.9 0l127.1 127z"
          />
        </svg>
      </span>
    </button>
  </div>
</div>
`;
