// Jest Snapshot v1, https://goo.gl/fbAQLP

exports[`must match with the previous snapshot snapshot renders 1`] = `
<span
  className="sc-AxjAm jdFEEp"
>
  Text component!
</span>
`;
