// Jest Snapshot v1, https://goo.gl/fbAQLP

exports[`must match with the previous snapshot snapshot renders 1`] = `
<div
  className="sc-AxjAm sc-AxhUy fkyrdw"
  disabled={false}
>
  <button
    className="sc-AxhCb jGTOcA sc-AxgMl kAQFoy"
    cursor="not-allowed"
    onClick={[Function]}
  >
    <span
      className="sc-AxirZ cuGRia"
      cursor="pointer"
      fontSize="medium"
    >
      <svg
        fill="currentColor"
        height="1em"
        stroke="currentColor"
        strokeWidth="0"
        style={
          Object {
            "color": undefined,
          }
        }
        viewBox="0 0 24 24"
        width="1em"
        xmlns="http://www.w3.org/2000/svg"
      >
        <path
          d="M15.41 7.41L14 6l-6 6 6 6 1.41-1.41L10.83 12z"
        />
      </svg>
    </span>
  </button>
  <button
    className="sc-AxhCb jGTOcA sc-AxgMl etdRWP"
    onClick={[Function]}
  >
    <span
      className="sc-AxirZ cuGRia"
      cursor="pointer"
      fontSize="medium"
    >
      <span
        className="sc-AxirZ dNjvtV"
        color="almostBlack"
        fontSize="default"
      >
        1
      </span>
    </span>
  </button>
  <button
    className="sc-AxhCb jGTOcA sc-AxgMl klYcia"
    cursor=""
    onClick={[Function]}
  >
    <span
      className="sc-AxirZ cuGRia"
      cursor="pointer"
      fontSize="medium"
    >
      <svg
        fill="currentColor"
        height="1em"
        stroke="currentColor"
        strokeWidth="0"
        style={
          Object {
            "color": undefined,
          }
        }
        viewBox="0 0 24 24"
        width="1em"
        xmlns="http://www.w3.org/2000/svg"
      >
        <path
          d="M10 6L8.59 7.41 13.17 12l-4.58 4.59L10 18l6-6z"
        />
      </svg>
    </span>
  </button>
</div>
`;
