// Jest Snapshot v1, https://goo.gl/fbAQLP

exports[`must match with the previous snapshot snapshot renders 1`] = `
<div
  className="sc-bdnylx fSUZen sc-gtssRu hgFtFi"
>
  <span
    className="sc-dlnjPT ljXqAF"
  >
    Icon component!
  </span>
</div>
`;
