// Jest Snapshot v1, https://goo.gl/fbAQLP

exports[`must match with the previous snapshot snapshot renders 1`] = `
<div
  className="sc-AxjAm sc-fznyAO heCqGK"
  width="100%"
>
  <hr
    className="sc-AxirZ lcUwot"
    height="1px"
    width="100%"
  />
  <ul
    className="sc-fzplWN gsbudo"
    id="itens-sidebar"
  >
    <li
      className="sc-fzoLsD gSVrNH"
      onMouseEnter={[Function]}
      onMouseLeave={[Function]}
    >
      <a
        className="sc-AxhCb eMREeU sc-fzpans hLMgdB"
        href="/dashboard"
        onClick={[Function]}
      >
        <div
          className="sc-AxjAm sc-AxgMl kwJSse"
          color="primary"
        >
          <svg
            fill="currentColor"
            height={18}
            size={18}
            stroke="currentColor"
            strokeWidth="0"
            style={
              Object {
                "color": undefined,
              }
            }
            viewBox="0 0 24 24"
            width={18}
            xmlns="http://www.w3.org/2000/svg"
          >
            <path
              d="M10 20v-6h4v6h5v-8h3L12 3 2 12h3v8z"
            />
          </svg>
        </div>
        <div
          className="sc-AxjAm fTjgAt"
          onClick={[Function]}
        >
          <div
            className="sc-AxjAm iTWSGy"
          >
            <span
              className="sc-AxiKw fYlGdG"
              color="darkerGrey"
              cursor="pointer"
            >
              dashboard
            </span>
          </div>
        </div>
      </a>
      <div
        className="sc-AxjAm sc-fzozJi fBHEQz hide"
      />
    </li>
    <li
      className="sc-fzoLsD gSVrNH"
      onMouseEnter={[Function]}
      onMouseLeave={[Function]}
    >
      <a
        className="sc-AxhCb eMREeU sc-fzpans hLMgdB"
        href="/pedidos"
        onClick={[Function]}
      >
        <div
          className="sc-AxjAm sc-AxgMl kwJSse"
          color="primary"
        >
          <svg
            fill="currentColor"
            height={18}
            size={18}
            stroke="currentColor"
            strokeWidth="0"
            style={
              Object {
                "color": undefined,
              }
            }
            viewBox="0 0 24 24"
            width={18}
            xmlns="http://www.w3.org/2000/svg"
          >
            <path
              d="M17 3H7c-1.1 0-1.99.9-1.99 2L5 21l7-3 7 3V5c0-1.1-.9-2-2-2z"
            />
          </svg>
        </div>
        <div
          className="sc-AxjAm fTjgAt"
          onClick={[Function]}
        >
          <div
            className="sc-AxjAm iTWSGy"
          >
            <span
              className="sc-AxiKw fYlGdG"
              color="darkerGrey"
              cursor="pointer"
            >
              bookmark
            </span>
          </div>
        </div>
      </a>
      <div
        className="sc-AxjAm sc-fzozJi fBHEQz hide"
      />
    </li>
    <li
      className="sc-fzoLsD gSVrNH"
      onMouseEnter={[Function]}
      onMouseLeave={[Function]}
    >
      <div
        className="sc-AxjAm fvINga"
        onClick={[Function]}
        width="100%"
      >
        <div
          className="sc-AxjAm sc-AxgMl kwJSse"
          color="primary"
        >
          <svg
            fill="currentColor"
            height={18}
            size={18}
            stroke="currentColor"
            strokeWidth="0"
            style={
              Object {
                "color": undefined,
              }
            }
            viewBox="0 0 24 24"
            width={18}
            xmlns="http://www.w3.org/2000/svg"
          >
            <path
              d="M2 20h20v-4H2v4zm2-3h2v2H4v-2zM2 4v4h20V4H2zm4 3H4V5h2v2zm-4 7h20v-4H2v4zm2-3h2v2H4v-2z"
            />
          </svg>
        </div>
        <div
          className="sc-AxjAm fTjgAt"
          onClick={[Function]}
        >
          <div
            className="sc-AxjAm iTWSGy"
          >
            <span
              className="sc-AxiKw fYlGdG"
              color="darkerGrey"
              cursor="pointer"
            >
              store
            </span>
          </div>
          <span
            className="sc-AxiKw sc-AxmLO IyyHK"
          >
            18
          </span>
          <div
            className="sc-AxjAm sc-AxgMl jhFwNa"
            color="primary"
          >
            <svg
              fill="currentColor"
              height={18}
              size={18}
              stroke="currentColor"
              strokeWidth="0"
              style={
                Object {
                  "color": undefined,
                }
              }
              viewBox="0 0 24 24"
              width={18}
              xmlns="http://www.w3.org/2000/svg"
            >
              <path
                d="M16.59 8.59L12 13.17 7.41 8.59 6 10l6 6 6-6z"
              />
            </svg>
          </div>
        </div>
      </div>
      <div
        className="sc-AxjAm sc-fzozJi fBHEQz hide"
      >
        <ul>
          <li>
            <a
              className="sc-AxhCb eMREeU"
              href="/subItem"
              onClick={[Function]}
            >
              <span
                className="sc-AxiKw BfAh"
                color="darkGrey"
                cursor="pointer"
                fontSize="medium"
              >
                Sub Item
              </span>
            </a>
          </li>
          <li>
            <a
              className="sc-AxhCb eMREeU"
              href="/subItem"
              onClick={[Function]}
            >
              <span
                className="sc-AxiKw BfAh"
                color="darkGrey"
                cursor="pointer"
                fontSize="medium"
              >
                Sub Item
              </span>
            </a>
          </li>
          <li>
            <a
              className="sc-AxhCb eMREeU"
              href="/subItem"
              onClick={[Function]}
            >
              <span
                className="sc-AxiKw BfAh"
                color="darkGrey"
                cursor="pointer"
                fontSize="medium"
              >
                Sub Item
              </span>
              <span
                className="sc-AxiKw sc-AxmLO IyyHK"
              >
                18
              </span>
            </a>
          </li>
        </ul>
      </div>
    </li>
    <li
      className="sc-fzoLsD gSVrNH"
      onMouseEnter={[Function]}
      onMouseLeave={[Function]}
    >
      <div
        className="sc-AxjAm fvINga"
        onClick={[Function]}
        width="100%"
      >
        <div
          className="sc-AxjAm sc-AxgMl kwJSse"
          color="primary"
        >
          <svg
            fill="currentColor"
            height={18}
            size={18}
            stroke="currentColor"
            strokeWidth="0"
            style={
              Object {
                "color": undefined,
              }
            }
            viewBox="0 0 24 24"
            width={18}
            xmlns="http://www.w3.org/2000/svg"
          >
            <path
              d="M2 20h20v-4H2v4zm2-3h2v2H4v-2zM2 4v4h20V4H2zm4 3H4V5h2v2zm-4 7h20v-4H2v4zm2-3h2v2H4v-2z"
            />
          </svg>
        </div>
        <div
          className="sc-AxjAm fTjgAt"
          onClick={[Function]}
        >
          <div
            className="sc-AxjAm iTWSGy"
          >
            <span
              className="sc-AxiKw fYlGdG"
              color="darkerGrey"
              cursor="pointer"
            >
              itens
            </span>
          </div>
          <div
            className="sc-AxjAm sc-AxgMl jhFwNa"
            color="primary"
          >
            <svg
              fill="currentColor"
              height={18}
              size={18}
              stroke="currentColor"
              strokeWidth="0"
              style={
                Object {
                  "color": undefined,
                }
              }
              viewBox="0 0 24 24"
              width={18}
              xmlns="http://www.w3.org/2000/svg"
            >
              <path
                d="M16.59 8.59L12 13.17 7.41 8.59 6 10l6 6 6-6z"
              />
            </svg>
          </div>
        </div>
      </div>
      <div
        className="sc-AxjAm sc-fzozJi fBHEQz hide"
      >
        <ul>
          <li>
            <a
              className="sc-AxhCb eMREeU"
              href="/subItem"
              onClick={[Function]}
            >
              <span
                className="sc-AxiKw BfAh"
                color="darkGrey"
                cursor="pointer"
                fontSize="medium"
              >
                Sub Item
              </span>
            </a>
          </li>
          <li>
            <a
              className="sc-AxhCb eMREeU"
              href="/subItem"
              onClick={[Function]}
            >
              <span
                className="sc-AxiKw BfAh"
                color="darkGrey"
                cursor="pointer"
                fontSize="medium"
              >
                Sub Item
              </span>
            </a>
          </li>
          <li>
            <a
              className="sc-AxhCb eMREeU"
              href="/subItem"
              onClick={[Function]}
            >
              <span
                className="sc-AxiKw BfAh"
                color="darkGrey"
                cursor="pointer"
                fontSize="medium"
              >
                Sub Item
              </span>
            </a>
          </li>
          <li>
            <a
              className="sc-AxhCb eMREeU"
              href="/subItem"
              onClick={[Function]}
            >
              <span
                className="sc-AxiKw BfAh"
                color="darkGrey"
                cursor="pointer"
                fontSize="medium"
              >
                Sub Item
              </span>
            </a>
          </li>
          <li>
            <a
              className="sc-AxhCb eMREeU"
              href="/subItem"
              onClick={[Function]}
            >
              <span
                className="sc-AxiKw BfAh"
                color="darkGrey"
                cursor="pointer"
                fontSize="medium"
              >
                Sub Item
              </span>
            </a>
          </li>
          <li>
            <a
              className="sc-AxhCb eMREeU"
              href="/subItem"
              onClick={[Function]}
            >
              <span
                className="sc-AxiKw BfAh"
                color="darkGrey"
                cursor="pointer"
                fontSize="medium"
              >
                Sub Item
              </span>
            </a>
          </li>
        </ul>
      </div>
    </li>
    <li
      className="sc-fzoLsD gSVrNH"
      onMouseEnter={[Function]}
      onMouseLeave={[Function]}
    >
      <a
        className="sc-AxhUy dzdgDV sc-fzpans hLMgdB"
        href="https://aiqfome.com/"
      >
        <div
          className="sc-AxjAm sc-AxgMl kwJSse"
          color="primary"
        >
          <svg
            fill="currentColor"
            height={18}
            size={18}
            stroke="currentColor"
            strokeWidth="0"
            style={
              Object {
                "color": undefined,
              }
            }
            viewBox="0 0 24 24"
            width={18}
            xmlns="http://www.w3.org/2000/svg"
          >
            <path
              d="M17 3H7c-1.1 0-1.99.9-1.99 2L5 21l7-3 7 3V5c0-1.1-.9-2-2-2z"
            />
          </svg>
        </div>
        <div
          className="sc-AxjAm fTjgAt"
          onClick={[Function]}
        >
          <div
            className="sc-AxjAm iTWSGy"
          >
            <span
              className="sc-AxiKw fYlGdG"
              color="darkerGrey"
              cursor="pointer"
            >
              aiqfome
            </span>
          </div>
        </div>
      </a>
      <div
        className="sc-AxjAm sc-fzozJi fBHEQz hide"
      />
    </li>
  </ul>
</div>
`;
