// Jest Snapshot v1, https://goo.gl/fbAQLP

exports[`must match with the previous snapshot snapshot renders 1`] = `
Array [
  <div
    className="sc-AxhCb hknQXY"
  >
    Toast component!
  </div>,
  <div
    className="sc-AxiKw iCaYKa"
  />,
]
`;
