// Jest Snapshot v1, https://goo.gl/fbAQLP

exports[`must match with the previous snapshot snapshot renders 1`] = `
<hr
  className="sc-gtssRu hFLlLZ"
  height="1px"
/>
`;
