// Jest Snapshot v1, https://goo.gl/fbAQLP

exports[`must match with the previous snapshot snapshot renders 1`] = `
<div
  className="sc-eCApGN gIxNaa sc-bqGHjH"
  onMouseEnter={[Function]}
  onMouseLeave={[Function]}
>
  <div
    className="sc-bdnylx jDchNm"
  >
    <input
      className="sc-iCoHVE kTQpRu"
      onChange={[Function]}
      placeholder="aiqfome"
      type="text"
      value="12:30"
    />
  </div>
</div>
`;
